
Allocating common symbols
Common symbol       size              file

cpu_ms_loopcnt      0x4               ./super/super_clock.o

Memory Configuration

Name             Origin             Length             Attributes
*default*        0x00000000         0xffffffff

Linker script and memory map

                0x00000000                __resume1_start = .

.text           0x00000000     0x3428
 ./super/resume/resume1.o(.text)
 .text          0x00000000      0x1d0 ./super/resume/resume1.o
                0x00000000                main
 *(.text)
 .text          0x000001d0       0x1c ./super/common.o
                0x000001d0                mem_memcpy
 *fill*         0x000001ec       0x14 00
 .text          0x00000200      0x500 ./super/stack.o
                0x00000200                save_sp
                0x0000020c                save_sp_nommu
                0x00000218                restore_sp
                0x00000220                mem_flush_tlb
                0x0000025c                flush_dcache
                0x000002f8                flush_icache
                0x00000310                invalidate_branch_predictor
                0x00000328                disable_cache
                0x00000348                disable_dcache
                0x00000364                disable_icache
                0x00000380                enable_icache
                0x0000039c                disable_l2cache
                0x000003b8                disable_program_flow_prediction
                0x000003d4                enable_cache
                0x000003f4                enable_program_flow_prediction
                0x00000410                mem_preload_tlb
                0x00000504                mem_preload_tlb_nommu
                0x000005f8                disable_mmu
                0x00000634                enable_mmu
 .text          0x00000700      0x6e8 ./super/super_twi.o
                0x0000084c                mem_twi_init
                0x0000089c                mem_twi_exit
                0x000008ec                setup_twi_env
                0x0000093c                twi_byte_rw
                0x00000b84                twi_byte_rw_nommu
 .text          0x00000de8       0x28 ./super/super_delay.o
                0x00000de8                mem_delay
 .text          0x00000e10      0x274 ./super/super_clock.o
                0x00000e10                mem_clk_init
                0x00000e2c                mem_clk_plldisable
                0x00000e88                mem_clk_pllenable
                0x00000ee4                mem_clk_setdiv
                0x00000f4c                mem_clk_getdiv
                0x00000fac                mem_clk_set_pll_factor
                0x00001008                mem_clk_get_pll_factor
                0x00001054                mem_clk_dramgating
 .text          0x00001084      0x770 ./super/super_power.o
                0x00001118                mem_set_voltage
                0x00001258                mem_get_voltage
                0x000012d8                mem_power_init
                0x000014e0                mem_power_exit
                0x000016bc                mem_power_off
                0x00001758                mem_power_off_nommu
 .text          0x000017f4      0x168 ./super/super_int.o
                0x000017f4                mem_int_init
                0x00001888                mem_int_exit
                0x000018e4                mem_enable_int
                0x0000192c                mem_query_int
 .text          0x0000195c       0x40 ./super/super_tmr.o
                0x0000195c                mem_tmr_init
                0x00001974                mem_tmr_disable_watchdog
 .text          0x0000199c      0x434 ./super/dram/dram.o
                0x0000199c                mctl_precharge_all
                0x000019c8                mctl_mode_exit
                0x000019f4                DRAMC_enter_power_down
                0x00001a20                DRAMC_exit_power_down
                0x00001a24                DRAMC_hostport_on_off
                0x00001a4c                DRAMC_exit_selfrefresh
                0x00001ab0                DRAMC_enter_selfrefresh
                0x00001b10                DRAMC_hostport_check_ahb_fifo_status
                0x00001b30                DRAMC_hostport_setup
                0x00001b78                mctl_ahb_reset
                0x00001ba8                DRAMC_retraining
                0x00001cf8                dram_power_save_process
                0x00001db0                dram_power_up_process
                0x00001db4                dram_enter_selfrefresh
                0x00001db8                dram_exit_selfrefresh
                0x00001dbc                dram_enter_power_down
                0x00001dc0                dram_exit_power_down
                0x00001dc4                dram_hostport_on_off
                0x00001dc8                dram_hostport_check_ahb_fifo_status
                0x00001dcc                dram_hostport_setup
 .text          0x00001dd0      0x6bc ./super/dram/dram_init.o
                0x00001e68                mctl_ddr3_reset
                0x00001e98                mctl_set_drive
                0x00001eb8                mctl_itm_disable
                0x00001ed0                mctl_itm_enable
                0x00001ee8                mctl_enable_dll0
                0x00001f3c                mctl_enable_dllx
                0x00001ffc                mctl_disable_dll
                0x00002058                mctl_configure_hostport
                0x0000208c                mctl_setup_dram_clock
                0x00002118                DRAMC_exit
                0x00002120                DRAMC_scan_readpipe
                0x00002154                DRAMC_clock_output_en
                0x00002174                DRAMC_set_autorefresh_cycle
                0x000021a4                DRAMC_get_dram_size
                0x00002218                DRAMC_init
                0x000023e4                dram_init
                0x000023ec                get_boot0_dram_para
                0x000023fc                init_DRAM
                0x00002470                dram_exit
                0x00002478                dram_get_size
                0x0000247c                dram_set_clock
                0x00002480                dram_set_drive
                0x00002484                dram_set_autorefresh_cycle
                0x00002488                dram_scan_readpipe
 .text          0x0000248c      0x368 pm_debug.o
                0x000024dc                busy_waiting
                0x000024fc                fake_busy_waiting
                0x0000251c                save_mem_flag
                0x00002534                save_mem_status
                0x00002544                get_mem_status
                0x00002554                save_mem_status_nommu
                0x00002564                save_sun5i_mem_status
                0x00002588                save_sun5i_mem_status_nommu
                0x000025ac                get_cyclecount
                0x000025b4                backup_perfcounter
                0x000025d0                init_perfcounters
                0x000025fc                restore_perfcounter
                0x0000261c                reset_counter
                0x00002630                change_runtime_env
                0x00002718                delay_us
                0x0000276c                delay_ms
                0x00002778                io_init
                0x00002790                io_init_high
                0x000027a8                io_init_low
                0x000027c0                io_high
 *fill*         0x000027f4        0xc 00
 .text          0x00002800       0xc0 mem_mmu_pc.o
                0x00002800                save_mmu_state
                0x0000283c                restore_mmu_state
                0x000028a0                set_ttbr0
 .text          0x000028c0      0x150 mem_mmu_pc_asm.o
                0x000028c0                invalidate_dcache
                0x00002960                jump_to_resume
                0x00002980                jump_to_resume0
                0x00002990                jump_to_resume0_nommu
                0x000029c0                save_runtime_context
                0x000029d0                clear_reg_context
 .text          0x00002a10      0xa18 mem_cpu.o
                0x00002a10                __save_processor_state
                0x00002fb4                __restore_processor_state
                0x00003338                mem_restore_processor_state
                0x0000333c                disable_cache_invalidate
                0x00003354                set_copro_default

.glue_7         0x00003428        0x0
 .glue_7        0x00000000        0x0 linker stubs

.glue_7t        0x00003428        0x0
 .glue_7t       0x00000000        0x0 linker stubs

.vfp11_veneer   0x00003428        0x0
 .vfp11_veneer  0x00000000        0x0 linker stubs

.v4_bx          0x00003428        0x0
 .v4_bx         0x00000000        0x0 linker stubs

.rodata         0x00003428       0x4c
 *(.rodata)
 .rodata        0x00003428        0xc ./super/super_twi.o
 .rodata        0x00003434       0x40 ./super/super_power.o

.data           0x00003474      0x17c
 *(.data)
 .data          0x00003474        0x4 ./super/resume/resume1.o
 .data          0x00003478        0x0 ./super/common.o
 .data          0x00003478        0x0 ./super/stack.o
 .data          0x00003478        0x0 ./super/super_twi.o
 .data          0x00003478        0x0 ./super/super_delay.o
 .data          0x00003478        0x0 ./super/super_clock.o
 .data          0x00003478       0xa8 ./super/super_power.o
 .data          0x00003520        0x0 ./super/super_int.o
 .data          0x00003520        0x0 ./super/super_tmr.o
 .data          0x00003520        0x0 ./super/dram/dram.o
 .data          0x00003520       0xd0 ./super/dram/dram_init.o
                0x00003520                hpcr_value
 .data          0x000035f0        0x0 pm_debug.o
 .data          0x000035f0        0x0 mem_mmu_pc.o
 .data          0x000035f0        0x0 mem_mmu_pc_asm.o
 .data          0x000035f0        0x0 mem_cpu.o
                0x000035f0                __bss_start = .

.bss            0x000035f0      0x290
 *(.sbss)
 *(.scommon)
 *(.bss)
 .bss           0x000035f0      0x23c ./super/resume/resume1.o
 .bss           0x0000382c        0x0 ./super/common.o
 .bss           0x0000382c        0x0 ./super/stack.o
 .bss           0x0000382c       0x10 ./super/super_twi.o
 .bss           0x0000383c        0x0 ./super/super_delay.o
 .bss           0x0000383c        0x4 ./super/super_clock.o
 .bss           0x00003840        0x0 ./super/super_power.o
 .bss           0x00003840       0x28 ./super/super_int.o
 .bss           0x00003868        0x4 ./super/super_tmr.o
 .bss           0x0000386c        0x0 ./super/dram/dram.o
 .bss           0x0000386c        0x0 ./super/dram/dram_init.o
 .bss           0x0000386c       0x10 pm_debug.o
 .bss           0x0000387c        0x0 mem_mmu_pc.o
 .bss           0x0000387c        0x0 mem_mmu_pc_asm.o
 .bss           0x0000387c        0x0 mem_cpu.o
 *(COMMON)
 COMMON         0x0000387c        0x4 ./super/super_clock.o
                0x0000387c                cpu_ms_loopcnt
                0x00003880                __bss_end = .
                0x00003880                __resume1_end = .
LOAD ./super/common.o
LOAD ./super/stack.o
LOAD ./super/super_twi.o
LOAD ./super/super_delay.o
LOAD ./super/super_clock.o
LOAD ./super/super_power.o
LOAD ./super/super_int.o
LOAD ./super/super_tmr.o
LOAD ./super/dram/dram.o
LOAD ./super/dram/dram_init.o
LOAD ./super/resume/resume1.o
LOAD pm_debug.o
LOAD mem_mmu_pc.o
LOAD mem_mmu_pc_asm.o
LOAD mem_cpu.o
OUTPUT(resume1.elf elf32-littlearm)

.debug_abbrev   0x00000000     0x1148
 .debug_abbrev  0x00000000      0x181 ./super/resume/resume1.o
 .debug_abbrev  0x00000181       0x7e ./super/common.o
 .debug_abbrev  0x000001ff       0x14 ./super/stack.o
 .debug_abbrev  0x00000213      0x23e ./super/super_twi.o
 .debug_abbrev  0x00000451       0x14 ./super/super_delay.o
 .debug_abbrev  0x00000465      0x16f ./super/super_clock.o
 .debug_abbrev  0x000005d4      0x1a4 ./super/super_power.o
 .debug_abbrev  0x00000778      0x105 ./super/super_int.o
 .debug_abbrev  0x0000087d       0xa8 ./super/super_tmr.o
 .debug_abbrev  0x00000925      0x271 ./super/dram/dram.o
 .debug_abbrev  0x00000b96      0x244 ./super/dram/dram_init.o
 .debug_abbrev  0x00000dda      0x1ba pm_debug.o
 .debug_abbrev  0x00000f94       0xb7 mem_mmu_pc.o
 .debug_abbrev  0x0000104b       0x14 mem_mmu_pc_asm.o
 .debug_abbrev  0x0000105f       0xe9 mem_cpu.o

.debug_info     0x00000000     0x6e49
 .debug_info    0x00000000      0x71b ./super/resume/resume1.o
 .debug_info    0x0000071b       0xcf ./super/common.o
 .debug_info    0x000007ea       0x81 ./super/stack.o
 .debug_info    0x0000086b     0x2196 ./super/super_twi.o
 .debug_info    0x00002a01       0x87 ./super/super_delay.o
 .debug_info    0x00002a88     0x2085 ./super/super_clock.o
 .debug_info    0x00004b0d      0x42f ./super/super_power.o
 .debug_info    0x00004f3c      0x35a ./super/super_int.o
 .debug_info    0x00005296      0x409 ./super/super_tmr.o
 .debug_info    0x0000569f      0x5f9 ./super/dram/dram.o
 .debug_info    0x00005c98      0x6cb ./super/dram/dram_init.o
 .debug_info    0x00006363      0x4e8 pm_debug.o
 .debug_info    0x0000684b      0x169 mem_mmu_pc.o
 .debug_info    0x000069b4       0x87 mem_mmu_pc_asm.o
 .debug_info    0x00006a3b      0x40e mem_cpu.o

.debug_line     0x00000000     0x10b3
 .debug_line    0x00000000       0xfe ./super/resume/resume1.o
 .debug_line    0x000000fe       0x58 ./super/common.o
 .debug_line    0x00000156      0x150 ./super/stack.o
 .debug_line    0x000002a6      0x26c ./super/super_twi.o
 .debug_line    0x00000512       0x4e ./super/super_delay.o
 .debug_line    0x00000560      0x128 ./super/super_clock.o
 .debug_line    0x00000688      0x19c ./super/super_power.o
 .debug_line    0x00000824       0xb7 ./super/super_int.o
 .debug_line    0x000008db       0x76 ./super/super_tmr.o
 .debug_line    0x00000951      0x1e5 ./super/dram/dram.o
 .debug_line    0x00000b36      0x279 ./super/dram/dram_init.o
 .debug_line    0x00000daf      0x10c pm_debug.o
 .debug_line    0x00000ebb       0x7d mem_mmu_pc.o
 .debug_line    0x00000f38       0x8a mem_mmu_pc_asm.o
 .debug_line    0x00000fc2       0xf1 mem_cpu.o

.debug_loc      0x00000000     0x1f9d
 .debug_loc     0x00000000       0x54 ./super/resume/resume1.o
 .debug_loc     0x00000054       0x82 ./super/common.o
 .debug_loc     0x000000d6      0x578 ./super/super_twi.o
 .debug_loc     0x0000064e       0x62 ./super/super_clock.o
 .debug_loc     0x000006b0      0x5cf ./super/super_power.o
 .debug_loc     0x00000c7f       0xeb ./super/super_int.o
 .debug_loc     0x00000d6a      0x4d6 ./super/dram/dram.o
 .debug_loc     0x00001240      0x785 ./super/dram/dram_init.o
 .debug_loc     0x000019c5      0x5a1 pm_debug.o
 .debug_loc     0x00001f66       0x14 mem_mmu_pc.o
 .debug_loc     0x00001f7a       0x23 mem_cpu.o

.debug_pubnames
                0x00000000      0x963
 .debug_pubnames
                0x00000000       0x1b ./super/resume/resume1.o
 .debug_pubnames
                0x0000001b       0x21 ./super/common.o
 .debug_pubnames
                0x0000003c       0x6c ./super/super_twi.o
 .debug_pubnames
                0x000000a8       0xd6 ./super/super_clock.o
 .debug_pubnames
                0x0000017e       0x8a ./super/super_power.o
 .debug_pubnames
                0x00000208       0x59 ./super/super_int.o
 .debug_pubnames
                0x00000261       0x40 ./super/super_tmr.o
 .debug_pubnames
                0x000002a1      0x223 ./super/dram/dram.o
 .debug_pubnames
                0x000004c4      0x21e ./super/dram/dram_init.o
 .debug_pubnames
                0x000006e2      0x19a pm_debug.o
 .debug_pubnames
                0x0000087c       0x49 mem_mmu_pc.o
 .debug_pubnames
                0x000008c5       0x9e mem_cpu.o

.debug_pubtypes
                0x00000000     0x1542
 .debug_pubtypes
                0x00000000       0x93 ./super/resume/resume1.o
 .debug_pubtypes
                0x00000093       0x12 ./super/common.o
 .debug_pubtypes
                0x000000a5      0x947 ./super/super_twi.o
 .debug_pubtypes
                0x000009ec      0x932 ./super/super_clock.o
 .debug_pubtypes
                0x0000131e       0x63 ./super/super_power.o
 .debug_pubtypes
                0x00001381       0x4f ./super/super_int.o
 .debug_pubtypes
                0x000013d0       0x46 ./super/super_tmr.o
 .debug_pubtypes
                0x00001416       0x41 ./super/dram/dram.o
 .debug_pubtypes
                0x00001457       0x6d ./super/dram/dram_init.o
 .debug_pubtypes
                0x000014c4       0x26 pm_debug.o
 .debug_pubtypes
                0x000014ea       0x2a mem_mmu_pc.o
 .debug_pubtypes
                0x00001514       0x2e mem_cpu.o

.debug_aranges  0x00000000      0x1e0
 .debug_aranges
                0x00000000       0x20 ./super/resume/resume1.o
 .debug_aranges
                0x00000020       0x20 ./super/common.o
 .debug_aranges
                0x00000040       0x20 ./super/stack.o
 .debug_aranges
                0x00000060       0x20 ./super/super_twi.o
 .debug_aranges
                0x00000080       0x20 ./super/super_delay.o
 .debug_aranges
                0x000000a0       0x20 ./super/super_clock.o
 .debug_aranges
                0x000000c0       0x20 ./super/super_power.o
 .debug_aranges
                0x000000e0       0x20 ./super/super_int.o
 .debug_aranges
                0x00000100       0x20 ./super/super_tmr.o
 .debug_aranges
                0x00000120       0x20 ./super/dram/dram.o
 .debug_aranges
                0x00000140       0x20 ./super/dram/dram_init.o
 .debug_aranges
                0x00000160       0x20 pm_debug.o
 .debug_aranges
                0x00000180       0x20 mem_mmu_pc.o
 .debug_aranges
                0x000001a0       0x20 mem_mmu_pc_asm.o
 .debug_aranges
                0x000001c0       0x20 mem_cpu.o

.debug_ranges   0x00000000       0xa0
 .debug_ranges  0x00000000       0xa0 ./super/resume/resume1.o

.debug_str      0x00000000     0x2161
 .debug_str     0x00000000      0x3fa ./super/resume/resume1.o
                                0x449 (size before relaxing)
 .debug_str     0x000003fa       0x31 ./super/common.o
                                 0xf3 (size before relaxing)
 .debug_str     0x0000042b      0xf3b ./super/super_twi.o
                               0x106c (size before relaxing)
 .debug_str     0x00001366       0xbc ./super/super_clock.o
                                0xfe1 (size before relaxing)
 .debug_str     0x00001422      0x128 ./super/super_power.o
                                0x2ad (size before relaxing)
 .debug_str     0x0000154a      0x1e4 ./super/super_int.o
                                0x303 (size before relaxing)
 .debug_str     0x0000172e      0x1b3 ./super/super_tmr.o
                                0x2d7 (size before relaxing)
 .debug_str     0x000018e1      0x2e5 ./super/dram/dram.o
                                0x428 (size before relaxing)
 .debug_str     0x00001bc6      0x2c5 ./super/dram/dram_init.o
                                0x43c (size before relaxing)
 .debug_str     0x00001e8b      0x1f9 pm_debug.o
                                0x31c (size before relaxing)
 .debug_str     0x00002084       0x3d mem_mmu_pc.o
                                0x147 (size before relaxing)
 .debug_str     0x000020c1       0xa0 mem_cpu.o
                                0x291 (size before relaxing)

.comment        0x00000000       0x2a
 .comment       0x00000000       0x2a ./super/resume/resume1.o
                                 0x2b (size before relaxing)
 .comment       0x00000000       0x2b ./super/common.o
 .comment       0x00000000       0x2b ./super/super_twi.o
 .comment       0x00000000       0x2b ./super/super_clock.o
 .comment       0x00000000       0x2b ./super/super_power.o
 .comment       0x00000000       0x2b ./super/super_int.o
 .comment       0x00000000       0x2b ./super/super_tmr.o
 .comment       0x00000000       0x2b ./super/dram/dram.o
 .comment       0x00000000       0x2b ./super/dram/dram_init.o
 .comment       0x00000000       0x2b pm_debug.o
 .comment       0x00000000       0x2b mem_mmu_pc.o
 .comment       0x00000000       0x2b mem_cpu.o

.note.GNU-stack
                0x00000000        0x0
 .note.GNU-stack
                0x00000000        0x0 ./super/resume/resume1.o
 .note.GNU-stack
                0x00000000        0x0 ./super/common.o
 .note.GNU-stack
                0x00000000        0x0 ./super/super_twi.o
 .note.GNU-stack
                0x00000000        0x0 ./super/super_clock.o
 .note.GNU-stack
                0x00000000        0x0 ./super/super_power.o
 .note.GNU-stack
                0x00000000        0x0 ./super/super_int.o
 .note.GNU-stack
                0x00000000        0x0 ./super/super_tmr.o
 .note.GNU-stack
                0x00000000        0x0 ./super/dram/dram.o
 .note.GNU-stack
                0x00000000        0x0 ./super/dram/dram_init.o
 .note.GNU-stack
                0x00000000        0x0 pm_debug.o
 .note.GNU-stack
                0x00000000        0x0 mem_mmu_pc.o
 .note.GNU-stack
                0x00000000        0x0 mem_cpu.o

.ARM.attributes
                0x00000000       0x2d
 .ARM.attributes
                0x00000000       0x2f ./super/resume/resume1.o
 .ARM.attributes
                0x0000002f       0x2f ./super/common.o
 .ARM.attributes
                0x0000005e       0x1f ./super/stack.o
 .ARM.attributes
                0x0000007d       0x2f ./super/super_twi.o
 .ARM.attributes
                0x000000ac       0x1f ./super/super_delay.o
 .ARM.attributes
                0x000000cb       0x2f ./super/super_clock.o
 .ARM.attributes
                0x000000fa       0x2f ./super/super_power.o
 .ARM.attributes
                0x00000129       0x2f ./super/super_int.o
 .ARM.attributes
                0x00000158       0x2f ./super/super_tmr.o
 .ARM.attributes
                0x00000187       0x2f ./super/dram/dram.o
 .ARM.attributes
                0x000001b6       0x2f ./super/dram/dram_init.o
 .ARM.attributes
                0x000001e5       0x2f pm_debug.o
 .ARM.attributes
                0x00000214       0x2f mem_mmu_pc.o
 .ARM.attributes
                0x00000243       0x1f mem_mmu_pc_asm.o
 .ARM.attributes
                0x00000262       0x2f mem_cpu.o

.debug_frame    0x00000000      0x8bc
 .debug_frame   0x00000000       0x2c ./super/resume/resume1.o
 .debug_frame   0x0000002c       0x20 ./super/common.o
 .debug_frame   0x0000004c       0xa8 ./super/super_twi.o
 .debug_frame   0x000000f4       0x90 ./super/super_clock.o
 .debug_frame   0x00000184       0xe4 ./super/super_power.o
 .debug_frame   0x00000268       0x58 ./super/super_int.o
 .debug_frame   0x000002c0       0x30 ./super/super_tmr.o
 .debug_frame   0x000002f0      0x19c ./super/dram/dram.o
 .debug_frame   0x0000048c      0x1f0 ./super/dram/dram_init.o
 .debug_frame   0x0000067c      0x1a0 pm_debug.o
 .debug_frame   0x0000081c       0x40 mem_mmu_pc.o
 .debug_frame   0x0000085c       0x60 mem_cpu.o
